
==================================== ERRORS ====================================
_____________ ERROR collecting tests/research/test_v205_xseries.py _____________
ImportError while importing test module '/home/user/pgr-vesting-decision-support/tests/research/test_v205_xseries.py'.
Hint: make sure your test modules/packages have valid Python names.
Traceback:
/root/.local/share/uv/python/cpython-3.12.14-linux-x86_64-gnu/lib/python3.12/importlib/__init__.py:90: in import_module
    return _bootstrap._gcd_import(name[level:], package, level)
           ^^^^^^^^^^^^^^^^^^^^^^^^^^^^^^^^^^^^^^^^^^^^^^^^^^^^
tests/research/test_v205_xseries.py:16: in <module>
    from pgr_vds.research_lib import xseries
E   ImportError: cannot import name 'xseries' from 'pgr_vds.research_lib' (/home/user/pgr-vesting-decision-support/src/pgr_vds/research_lib/__init__.py)
=========================== short test summary info ============================
ERROR tests/research/test_v205_xseries.py
!!!!!!!!!!!!!!!!!!!! Interrupted: 1 error during collection !!!!!!!!!!!!!!!!!!!!
1 error in 0.72s
FFFFFFFFFFFFFFFFF                                                        [100%]
=================================== FAILURES ===================================
E   NotImplementedError
/home/user/pgr-vesting-decision-support/src/pgr_vds/research_lib/xseries.py:7: NotImplementedError
E   NotImplementedError
/home/user/pgr-vesting-decision-support/src/pgr_vds/research_lib/xseries.py:7: NotImplementedError
E   NotImplementedError
/home/user/pgr-vesting-decision-support/src/pgr_vds/research_lib/xseries.py:7: NotImplementedError
E   NotImplementedError
/home/user/pgr-vesting-decision-support/src/pgr_vds/research_lib/xseries.py:7: NotImplementedError
E   NotImplementedError
/home/user/pgr-vesting-decision-support/src/pgr_vds/research_lib/xseries.py:7: NotImplementedError
E   NotImplementedError
/home/user/pgr-vesting-decision-support/src/pgr_vds/research_lib/xseries.py:7: NotImplementedError
E   NotImplementedError
/home/user/pgr-vesting-decision-support/src/pgr_vds/research_lib/xseries.py:7: NotImplementedError
E   NotImplementedError
/home/user/pgr-vesting-decision-support/src/pgr_vds/research_lib/xseries.py:7: NotImplementedError
E   NotImplementedError
/home/user/pgr-vesting-decision-support/src/pgr_vds/research_lib/xseries.py:7: NotImplementedError
E   NotImplementedError
/home/user/pgr-vesting-decision-support/src/pgr_vds/research_lib/xseries.py:7: NotImplementedError
E   NotImplementedError
/home/user/pgr-vesting-decision-support/src/pgr_vds/research_lib/xseries.py:7: NotImplementedError
E   NotImplementedError
/home/user/pgr-vesting-decision-support/src/pgr_vds/research_lib/xseries.py:7: NotImplementedError
E   NotImplementedError
/home/user/pgr-vesting-decision-support/src/pgr_vds/research_lib/xseries.py:7: NotImplementedError
E   NotImplementedError
/home/user/pgr-vesting-decision-support/src/pgr_vds/research_lib/xseries.py:7: NotImplementedError
E   NotImplementedError
/home/user/pgr-vesting-decision-support/src/pgr_vds/research_lib/xseries.py:7: NotImplementedError
E   NotImplementedError
/home/user/pgr-vesting-decision-support/src/pgr_vds/research_lib/xseries.py:7: NotImplementedError
E   NotImplementedError
/home/user/pgr-vesting-decision-support/src/pgr_vds/research_lib/xseries.py:7: NotImplementedError
=========================== short test summary info ============================
FAILED tests/research/test_v205_xseries.py::test_share_factor_counts_only_actions_after_start
FAILED tests/research/test_v205_xseries.py::test_cash_windows_use_the_origin_share_basis
FAILED tests/research/test_v205_xseries.py::test_bvps_growth_crosses_the_2006_split_on_one_share_basis
FAILED tests/research/test_v205_xseries.py::test_adjusted_bvps_growth_includes_december_special
FAILED tests/research/test_v205_xseries.py::test_annual_excess_uses_december_to_february_and_x23_baseline
FAILED tests/research/test_v205_xseries.py::test_rolling_monthly_features_use_only_filed_reports
FAILED tests/research/test_v205_xseries.py::test_missing_month_gives_nan_not_a_thirteen_month_change
FAILED tests/research/test_v205_xseries.py::test_nested_ridge_selects_least_shrinkage_for_exact_signal
FAILED tests/research/test_v205_xseries.py::test_nested_ridge_ignores_labels_unavailable_at_the_test_origin
FAILED tests/research/test_v205_xseries.py::test_nested_ridge_ties_choose_more_shrinkage_and_flags_support
FAILED tests/research/test_v205_xseries.py::test_paired_block_test_is_one_sided_and_centered
FAILED tests/research/test_v205_xseries.py::test_prequential_stream_uses_only_matured_residuals
FAILED tests/research/test_v205_xseries.py::test_proper_scores_and_equal_width_ece
FAILED tests/research/test_v205_xseries.py::test_past_majority_direction_uses_mature_labels_only
FAILED tests/research/test_v205_xseries.py::test_preregistered_disposition_requires_every_gate
FAILED tests/research/test_v205_xseries.py::test_campaign_holm_places_v205_in_slots_29_to_34
FAILED tests/research/test_v205_xseries.py::test_at_most_one_winner_is_nominated
17 failed in 3.45s
== block_spearman red by mutation (fixture added after drafting) ==
=========================== short test summary info ============================
FAILED tests/research/test_v205_xseries.py::test_block_spearman_reports_centered_two_sided_ic
1 failed, 17 deselected in 1.59s
=========================== short test summary info ============================
FAILED tests/research/test_v205_xseries.py::test_restate_to_basis_puts_levels_on_one_share_basis
1 failed, 18 deselected in 1.46s
